Microchip MPLAB XC8 Compiler V1.41 ()

Linker command line:

-W-3 --edf=C:\Program Files (x86)\Microchip\xc8\v1.41\dat\en_msgs.txt -cs \
  -h+dist/default/debug\GuilhermeHeitor.X.debug.sym \
  --cmf=dist/default/debug\GuilhermeHeitor.X.debug.cmf -z -Q18F4550 \
  -oC:\Users\Heitor\AppData\Local\Temp\s4o8.2 \
  -Mdist/default/debug/GuilhermeHeitor.X.debug.map -E1 -ver=XC8 \
  -ASTACK=060h-07ffh -pstack=STACK -ACODE=00h-07FFFh -ACONST=00h-07FFFh \
  -ASMALLCONST=0800h-08FFhx120 -AMEDIUMCONST=0800h-07FFFh -ACOMRAM=01h-05Fh \
  -AABS1=00h-07FFh -ABIGRAM=01h-07FFh -ARAM=060h-0FFh,0100h-01FFhx7 \
  -ABANK0=060h-0FFh -ABANK1=0100h-01FFh -ABANK2=0200h-02FFh \
  -ABANK3=0300h-03FFh -ABANK4=0400h-04FFh -ABANK5=0500h-05FFh \
  -ABANK6=0600h-06FFh -ABANK7=0700h-07FFh -ASFR=0F60h-0FFFh \
  -preset_vec=00h,intcode,intcodelo,powerup,init -pramtop=0800h \
  -psmallconst=SMALLCONST -pmediumconst=MEDIUMCONST -pconst=CONST \
  -AFARRAM=00h-00h -ACONFIG=0300000h-030000Dh -pconfig=CONFIG \
  -AIDLOC=0200000h-0200007h -pidloc=IDLOC -AEEDATA=0F00000h-0F000FFh \
  -peeprom_data=EEDATA \
  -prdata=COMRAM,nvrram=COMRAM,nvbit=COMRAM,rbss=COMRAM,rbit=COMRAM \
  -pfarbss=FARRAM,fardata=FARRAM,nvFARRAM=FARRAM \
  -pintsave_regs=BIGRAM,bigbss=BIGRAM,bigdata=BIGRAM -pbss=RAM \
  -pidata=CODE,irdata=CODE,ibigdata=CODE,ifardata=CODE -prparam=COMRAM \
  C:\Users\Heitor\AppData\Local\Temp\s4o8.obj \
  dist/default/debug\GuilhermeHeitor.X.debug.obj 

Object code version is 3.11

Machine type is 18F4550

Call graph: (short form)




                Name                               Link     Load   Length Selector   Space Scale
C:\Users\Heitor\AppData\Local\Temp\s4o8.obj
                init                                  0        0        4        0       0
                idloc                            200000   200000        8   200000       0
                config                           300000   300000        E   300000       0
dist/default/debug\GuilhermeHeitor.X.debug.obj
                text18                             79F0     79F0       82     3CF8       0
                text17                             78D8     78D8       56     3C6C       0
                text16                             7A72     7A72       92     3D39       0
                text15                             7810     7810       3C     3C08       0
                text14                             798A     798A       66     3CC5       0
                text13                             7738     7738        8     3B9C       0
                text12                             77BC     77BC       2A     3BDE       0
                text11                             77E6     77E6       2A     3BF3       0
                text10                             788A     788A       4E     3C45       0
                text9                              7740     7740        C     3BA0       0
                text8                              7CA6     7CA6      35A     3E53       0
                text7                              7B04     7B04       CC     3D82       0
                text6                              7BD0     7BD0       D6     3DE8       0
                text5                              776E     776E       16     3BB7       0
                text4                              774C     774C        E     3BA6       0
                text3                              792E     792E       5C     3C97       0
                text2                              775A     775A       14     3BAD       0
                text1                              784C     784C       3E     3C26       0
                text0                              779A     779A       22     3BCD       0
                cstackCOMRAM                          1        1       20        1       1
                bssCOMRAM                            21       21        6        1       1
                cinit                              7784     7784       16     3BC2       0

TOTAL           Name                               Link     Load   Length     Space
        CLASS   STACK          

        CLASS   CODE           
                init                                  0        0        4         0
                text18                             79F0     79F0       82         0
                text17                             78D8     78D8       56         0
                text16                             7A72     7A72       92         0
                text15                             7810     7810       3C         0
                text14                             798A     798A       66         0
                text13                             7738     7738        8         0
                text12                             77BC     77BC       2A         0
                text11                             77E6     77E6       2A         0
                text10                             788A     788A       4E         0
                text9                              7740     7740        C         0
                text8                              7CA6     7CA6      35A         0
                text7                              7B04     7B04       CC         0
                text6                              7BD0     7BD0       D6         0
                text5                              776E     776E       16         0
                text4                              774C     774C        E         0
                text3                              792E     792E       5C         0
                text2                              775A     775A       14         0
                text1                              784C     784C       3E         0
                text0                              779A     779A       22         0
                cinit                              7784     7784       16         0

        CLASS   CONST          

        CLASS   SMALLCONST     

        CLASS   MEDIUMCONST    

        CLASS   COMRAM         
                cstackCOMRAM                          1        1       20         1
                bssCOMRAM                            21       21        6         1

        CLASS   ABS1           

        CLASS   BIGRAM         

        CLASS   RAM            

        CLASS   BANK0          

        CLASS   BANK1          

        CLASS   BANK2          

        CLASS   BANK3          

        CLASS   BANK4          

        CLASS   BANK5          

        CLASS   BANK6          

        CLASS   BANK7          

        CLASS   SFR            

        CLASS   FARRAM         

        CLASS   CONFIG         
                config                           300000   300000        E         0

        CLASS   IDLOC          
                idloc                            200000   200000        8         0

        CLASS   EEDATA         



SEGMENTS        Name                           Load    Length   Top    Selector   Space  Class

                reset_vec                      000000  000004  000004         0       0  CODE    
                cstackCOMRAM                   000001  000026  000027         1       1  COMRAM  
                text13                         007738  000008  007740      3B9C       0  CODE    
                text9                          007740  00000C  00774C      3BA0       0  CODE    
                text4                          00774C  00000E  00775A      3BA6       0  CODE    
                text2                          00775A  000014  00776E      3BAD       0  CODE    
                text5                          00776E  000016  007784      3BB7       0  CODE    
                cinit                          007784  000016  00779A      3BC2       0  CODE    
                text0                          00779A  000022  0077BC      3BCD       0  CODE    
                text12                         0077BC  00002A  0077E6      3BDE       0  CODE    
                text11                         0077E6  00002A  007810      3BF3       0  CODE    
                text15                         007810  00003C  00784C      3C08       0  CODE    
                text1                          00784C  00003E  00788A      3C26       0  CODE    
                text10                         00788A  00004E  0078D8      3C45       0  CODE    
                text17                         0078D8  000056  00792E      3C6C       0  CODE    
                text3                          00792E  00005C  00798A      3C97       0  CODE    
                text14                         00798A  000066  0079F0      3CC5       0  CODE    
                text18                         0079F0  000082  007A72      3CF8       0  CODE    
                text16                         007A72  000092  007B04      3D39       0  CODE    
                text7                          007B04  0000CC  007BD0      3D82       0  CODE    
                text6                          007BD0  0000D6  007CA6      3DE8       0  CODE    
                text8                          007CA6  00035A  008000      3E53       0  CODE    
                idloc                          200000  000008  200008    200000       0  IDLOC   
                config                         300000  00000E  30000E    300000       0  CONFIG  


UNUSED ADDRESS RANGES

        Name                Unused          Largest block    Delta
        BANK0            000060-0000FF               A0
        BANK1            000100-0001FF              100
        BANK2            000200-0002FF              100
        BANK3            000300-0003FF              100
        BANK4            000400-0004FF              100
        BANK5            000500-0005FF              100
        BANK6            000600-0006FF              100
        BANK7            000700-0007FF              100
        BIGRAM           000027-0007FF              7D9
        CODE             000004-007737             7734
        COMRAM           000027-00005F               39
        CONST            000004-007737             7734
        EEDATA           F00000-F000FF              100
        MEDIUMCONST      000800-007737             6F38
        RAM              000060-0007FF              100
        SFR              000F60-000FFF               A0
        SMALLCONST       000800-007737              100
        STACK            000060-0007FF              7A0

                                  Symbol Table

?___aldiv                cstackCOMRAM 000001
?___lldiv                cstackCOMRAM 00000D
?___lmul                 cstackCOMRAM 000001
?_adc_sample             cstackCOMRAM 000007
PWM1_Init@f              cstackCOMRAM 00000F
PWM1_Init@temp           cstackCOMRAM 000015
PWM1_Set_Duty@d          cstackCOMRAM 00001C
PWM1_Set_Duty@temp       cstackCOMRAM 00001D
_ADCON0                  (abs)        000FC2
_ADCON0bits              (abs)        000FC2
_ADCON1                  (abs)        000FC1
_ADCON2                  (abs)        000FC0
_ADRESH                  (abs)        000FC4
_ADRESL                  (abs)        000FC3
_CCP1CON                 (abs)        000FBD
_CCPR1L                  (abs)        000FBE
_PIR1bits                (abs)        000F9E
_PORTB                   (abs)        000F81
_PORTBbits               (abs)        000F81
_PORTCbits               (abs)        000F82
_PORTD                   (abs)        000F83
_PORTDbits               (abs)        000F83
_PORTEbits               (abs)        000F84
_PR2                     (abs)        000FCB
_PWM1_Init               text6        007BD0
_PWM1_Set_Duty           text16       007A72
_PWM1_Start              text5        00776E
_RCREG                   (abs)        000FAE
_RCSTAbits               (abs)        000FAB
_SPBRG                   (abs)        000FAF
_T2CONbits               (abs)        000FCA
_TRISA                   (abs)        000F92
_TRISAbits               (abs)        000F92
_TRISB                   (abs)        000F93
_TRISC                   (abs)        000F94
_TRISCbits               (abs)        000F94
_TRISD                   (abs)        000F95
_TRISE                   (abs)        000F96
_TXREG                   (abs)        000FAD
_TXSTAbits               (abs)        000FAC
__CFG_BOR$OFF            (abs)        000000
__CFG_BORV$3             (abs)        000000
__CFG_CCP2MX$ON          (abs)        000000
__CFG_CP0$OFF            (abs)        000000
__CFG_CP1$OFF            (abs)        000000
__CFG_CP2$OFF            (abs)        000000
__CFG_CP3$OFF            (abs)        000000
__CFG_CPB$OFF            (abs)        000000
__CFG_CPD$OFF            (abs)        000000
__CFG_CPUDIV$OSC1_PLL2   (abs)        000000
__CFG_EBTR0$OFF          (abs)        000000
__CFG_EBTR1$OFF          (abs)        000000
__CFG_EBTR2$OFF          (abs)        000000
__CFG_EBTR3$OFF          (abs)        000000
__CFG_EBTRB$OFF          (abs)        000000
__CFG_FCMEN$OFF          (abs)        000000
__CFG_FOSC$HS            (abs)        000000
__CFG_ICPRT$OFF          (abs)        000000
__CFG_IESO$OFF           (abs)        000000
__CFG_LPT1OSC$OFF        (abs)        000000
__CFG_LVP$OFF            (abs)        000000
__CFG_MCLRE$ON           (abs)        000000
__CFG_PBADEN$ON          (abs)        000000
__CFG_PLLDIV$2           (abs)        000000
__CFG_PWRT$OFF           (abs)        000000
__CFG_STVREN$OFF         (abs)        000000
__CFG_USBDIV$2           (abs)        000000
__CFG_VREGEN$OFF         (abs)        000000
__CFG_WDT$OFF            (abs)        000000
__CFG_WDTPS$32768        (abs)        000000
__CFG_WRT0$OFF           (abs)        000000
__CFG_WRT1$OFF           (abs)        000000
__CFG_WRT2$OFF           (abs)        000000
__CFG_WRT3$OFF           (abs)        000000
__CFG_WRTB$OFF           (abs)        000000
__CFG_WRTC$OFF           (abs)        000000
__CFG_WRTD$OFF           (abs)        000000
__CFG_XINST$OFF          (abs)        000000
__HRAM                   (abs)        000000
__Habs1                  abs1         000000
__Hbank0                 bank0        000000
__Hbank1                 bank1        000000
__Hbank2                 bank2        000000
__Hbank3                 bank3        000000
__Hbank4                 bank4        000000
__Hbank5                 bank5        000000
__Hbank6                 bank6        000000
__Hbank7                 bank7        000000
__Hbigbss                bigbss       000000
__Hbigdata               bigdata      000000
__Hbigram                bigram       000000
__Hbss                   bss          000000
__HbssCOMRAM             bssCOMRAM    000000
__Hcinit                 cinit        000000
__Hclrtext               clrtext      000000
__Hcomram                comram       000000
__Hconfig                config       30000E
__Hconst                 const        000000
__HcstackCOMRAM          cstackCOMRAM 000000
__Hdata                  data         000000
__Heeprom_data           eeprom_data  000000
__Hfarbss                farbss       000000
__Hfardata               fardata      000000
__Hibigdata              ibigdata     000000
__Hidata                 idata        000000
__Hidloc                 idloc        200008
__Hifardata              ifardata     000000
__Hinit                  init         000004
__Hintcode               intcode      000000
__Hintcode_body          intcode_body 000000
__Hintcodelo             intcodelo    000000
__Hintentry              intentry     000000
__Hintret                intret       000000
__Hintsave_regs          intsave_regs 000000
__Hirdata                irdata       000000
__Hmediumconst           mediumconst  000000
__HnvFARRAM              nvFARRAM     000000
__Hnvbit                 nvbit        000000
__Hnvrram                nvrram       000000
__Hparam                 rparam       000000
__Hpowerup               powerup      000000
__Hram                   ram          000000
__Hramtop                ramtop       000800
__Hrbit                  rbit         000000
__Hrbss                  rbss         000000
__Hrdata                 rdata        000000
__Hreset_vec             reset_vec    000000
__Hrparam                rparam       000000
__Hsfr                   sfr          000000
__Hsmallconst            smallconst   000000
__Hspace_0               (abs)        30000E
__Hspace_1               (abs)        000027
__Hspace_2               (abs)        000000
__Hstack                 stack        000000
__Hstruct                struct       000000
__Htemp                  temp         000000
__Htext                  text         000000
__Htext0                 text0        000000
__Htext1                 text1        000000
__Htext10                text10       000000
__Htext11                text11       000000
__Htext12                text12       000000
__Htext13                text13       000000
__Htext14                text14       000000
__Htext15                text15       000000
__Htext16                text16       000000
__Htext17                text17       000000
__Htext18                text18       000000
__Htext2                 text2        000000
__Htext3                 text3        000000
__Htext4                 text4        000000
__Htext5                 text5        000000
__Htext6                 text6        000000
__Htext7                 text7        000000
__Htext8                 text8        000000
__Htext9                 text9        000000
__LRAM                   (abs)        000001
__Labs1                  abs1         000000
__Lbank0                 bank0        000000
__Lbank1                 bank1        000000
__Lbank2                 bank2        000000
__Lbank3                 bank3        000000
__Lbank4                 bank4        000000
__Lbank5                 bank5        000000
__Lbank6                 bank6        000000
__Lbank7                 bank7        000000
__Lbigbss                bigbss       000000
__Lbigdata               bigdata      000000
__Lbigram                bigram       000000
__Lbss                   bss          000000
__LbssCOMRAM             bssCOMRAM    000000
__Lcinit                 cinit        000000
__Lclrtext               clrtext      000000
__Lcomram                comram       000000
__Lconfig                config       300000
__Lconst                 const        000000
__LcstackCOMRAM          cstackCOMRAM 000000
__Ldata                  data         000000
__Leeprom_data           eeprom_data  000000
__Lfarbss                farbss       000000
__Lfardata               fardata      000000
__Libigdata              ibigdata     000000
__Lidata                 idata        000000
__Lidloc                 idloc        200000
__Lifardata              ifardata     000000
__Linit                  init         000000
__Lintcode               intcode      000000
__Lintcode_body          intcode_body 000000
__Lintcodelo             intcodelo    000000
__Lintentry              intentry     000000
__Lintret                intret       000000
__Lintsave_regs          intsave_regs 000000
__Lirdata                irdata       000000
__Lmediumconst           mediumconst  000000
__LnvFARRAM              nvFARRAM     000000
__Lnvbit                 nvbit        000000
__Lnvrram                nvrram       000000
__Lparam                 rparam       000000
__Lpowerup               powerup      000000
__Lram                   ram          000000
__Lramtop                ramtop       000800
__Lrbit                  rbit         000000
__Lrbss                  rbss         000000
__Lrdata                 rdata        000000
__Lreset_vec             reset_vec    000000
__Lrparam                rparam       000000
__Lsfr                   sfr          000000
__Lsmallconst            smallconst   000000
__Lspace_0               (abs)        000000
__Lspace_1               (abs)        000000
__Lspace_2               (abs)        000000
__Lstack                 stack        000000
__Lstruct                struct       000000
__Ltemp                  temp         000000
__Ltext                  text         000000
__Ltext0                 text0        000000
__Ltext1                 text1        000000
__Ltext10                text10       000000
__Ltext11                text11       000000
__Ltext12                text12       000000
__Ltext13                text13       000000
__Ltext14                text14       000000
__Ltext15                text15       000000
__Ltext16                text16       000000
__Ltext17                text17       000000
__Ltext18                text18       000000
__Ltext2                 text2        000000
__Ltext3                 text3        000000
__Ltext4                 text4        000000
__Ltext5                 text5        000000
__Ltext6                 text6        000000
__Ltext7                 text7        000000
__Ltext8                 text8        000000
__Ltext9                 text9        000000
__S0                     (abs)        30000E
__S1                     (abs)        000027
__S2                     (abs)        000000
___aldiv                 text7        007B04
___aldiv@counter         cstackCOMRAM 000009
___aldiv@dividend        cstackCOMRAM 000001
___aldiv@divisor         cstackCOMRAM 000005
___aldiv@quotient        cstackCOMRAM 00000B
___aldiv@sign            cstackCOMRAM 00000A
___inthi_sp              stack        000000
___intlo_sp              stack        000000
___lldiv                 text18       0079F0
___lldiv@counter         cstackCOMRAM 000019
___lldiv@dividend        cstackCOMRAM 00000D
___lldiv@divisor         cstackCOMRAM 000011
___lldiv@quotient        cstackCOMRAM 000015
___lmul                  text17       0078D8
___lmul@multiplicand     cstackCOMRAM 000005
___lmul@multiplier       cstackCOMRAM 000001
___lmul@product          cstackCOMRAM 000009
___param_bank            (abs)        000000
___rparam_used           (abs)        000001
___sp                    stack        000000
__accesstop              (abs)        000060
__activetblptr           (abs)        000002
__end_of_PWM1_Init       text6        007CA6
__end_of_PWM1_Set_Duty   text16       007B04
__end_of_PWM1_Start      text5        007784
__end_of___aldiv         text7        007BD0
__end_of___lldiv         text18       007A72
__end_of___lmul          text17       00792E
__end_of__initialization cinit        007790
__end_of_adc_init        text4        00775A
__end_of_adc_sample      text14       0079F0
__end_of_atraso_ms       text15       00784C
__end_of_lcd_cmd         text12       0077E6
__end_of_lcd_dat         text11       007810
__end_of_lcd_init        text3        00798A
__end_of_lcd_wr          text13       007740
__end_of_loop            text8        008000
__end_of_main            text0        0077BC
__end_of_serial_init     text2        00776E
__end_of_serial_rx       text10       0078D8
__end_of_serial_tx       text9        00774C
__end_of_setup           text1        00788A
__initialization         cinit        007784
__mediumconst            mediumconst  000000
__pbssCOMRAM             bssCOMRAM    000021
__pcinit                 cinit        007784
__pcstackCOMRAM          cstackCOMRAM 000001
__ptext0                 text0        00779A
__ptext1                 text1        00784C
__ptext10                text10       00788A
__ptext11                text11       0077E6
__ptext12                text12       0077BC
__ptext13                text13       007738
__ptext14                text14       00798A
__ptext15                text15       007810
__ptext16                text16       007A72
__ptext17                text17       0078D8
__ptext18                text18       0079F0
__ptext2                 text2        00775A
__ptext3                 text3        00792E
__ptext4                 text4        00774C
__ptext5                 text5        00776E
__ptext6                 text6        007BD0
__ptext7                 text7        007B04
__ptext8                 text8        007CA6
__ptext9                 text9        007740
__ramtop                 ramtop       000800
__size_of_PWM1_Init      (abs)        000000
__size_of_PWM1_Set_Duty  (abs)        000000
__size_of_PWM1_Start     (abs)        000000
__size_of___aldiv        (abs)        000000
__size_of___lldiv        (abs)        000000
__size_of___lmul         (abs)        000000
__size_of_adc_init       (abs)        000000
__size_of_adc_sample     (abs)        000000
__size_of_atraso_ms      (abs)        000000
__size_of_lcd_cmd        (abs)        000000
__size_of_lcd_dat        (abs)        000000
__size_of_lcd_init       (abs)        000000
__size_of_lcd_wr         (abs)        000000
__size_of_loop           (abs)        000000
__size_of_main           (abs)        000000
__size_of_serial_init    (abs)        000000
__size_of_serial_rx      (abs)        000000
__size_of_serial_tx      (abs)        000000
__size_of_setup          (abs)        000000
__smallconst             smallconst   000000
_adc_init                text4        00774C
_adc_sample              text14       00798A
_atraso_ms               text15       007810
_i                       bssCOMRAM    000021
_lcd_cmd                 text12       0077BC
_lcd_dat                 text11       0077E6
_lcd_init                text3        00792E
_lcd_wr                  text13       007738
_loop                    text8        007CA6
_main                    text0        00779A
_serial_init             text2        00775A
_serial_rx               text10       00788A
_serial_tx               text9        007740
_setup                   text1        00784C
_value                   bssCOMRAM    000023
_valueh                  bssCOMRAM    000026
_valuel                  bssCOMRAM    000025
adc_sample@canal         cstackCOMRAM 00000D
atraso_ms@i              cstackCOMRAM 000003
atraso_ms@j1             cstackCOMRAM 000005
atraso_ms@j2             cstackCOMRAM 000006
atraso_ms@valor          cstackCOMRAM 000001
end_of_initialization    cinit        007790
intlevel0                text         000000
intlevel1                text         000000
intlevel2                text         000000
intlevel3                text         000000
lcd_cmd@val              cstackCOMRAM 000007
lcd_dat@val              cstackCOMRAM 000007
lcd_wr@val               cstackCOMRAM 000001
serial_rx@timeout        cstackCOMRAM 000007
serial_rx@to             cstackCOMRAM 000009
serial_tx@val            cstackCOMRAM 000001
stackhi                  (abs)        0007FF
stacklo                  (abs)        000060
start                    init         000000
start_initialization     cinit        007784


FUNCTION INFORMATION:

 *************** function _main *****************
 Defined at:
		line 79 in file "config.c"
 Parameters:    Size  Location     Type
		None
 Auto vars:     Size  Location     Type
		None
 Return value:  Size  Location     Type
                  1    wreg      void 
 Registers used:
		wreg, status,2, status,0, cstack
 Tracked objects:
		On entry : 
		On exit  : 
		Unchanged: 
 Data sizes:     COMRAM   BANK0   BANK1   BANK2   BANK3   BANK4   BANK5   BANK6   BANK7
      Params:         0       0       0       0       0       0       0       0       0
      Locals:         0       0       0       0       0       0       0       0       0
      Temps:          0       0       0       0       0       0       0       0       0
      Totals:         0       0       0       0       0       0       0       0       0
Total ram usage:        0 bytes
 Hardware stack levels required when called:    4
 This function calls:
		_loop
		_setup
 This function is called by:
		Startup code after reset
 This function uses a non-reentrant model


 *************** function _setup *****************
 Defined at:
		line 20 in file "main.c"
 Parameters:    Size  Location     Type
		None
 Auto vars:     Size  Location     Type
		None
 Return value:  Size  Location     Type
                  1    wreg      void 
 Registers used:
		wreg, status,2, status,0, cstack
 Tracked objects:
		On entry : 
		On exit  : 
		Unchanged: 
 Data sizes:     COMRAM   BANK0   BANK1   BANK2   BANK3   BANK4   BANK5   BANK6   BANK7
      Params:         0       0       0       0       0       0       0       0       0
      Locals:         0       0       0       0       0       0       0       0       0
      Temps:          0       0       0       0       0       0       0       0       0
      Totals:         0       0       0       0       0       0       0       0       0
Total ram usage:        0 bytes
 Hardware stack levels used:    1
 Hardware stack levels required when called:    3
 This function calls:
		_PWM1_Init
		_PWM1_Set_Duty
		_PWM1_Start
		_adc_init
		_lcd_cmd
		_lcd_init
		_serial_init
 This function is called by:
		_main
 This function uses a non-reentrant model


 *************** function _serial_init *****************
 Defined at:
		line 35 in file "serial.c"
 Parameters:    Size  Location     Type
		None
 Auto vars:     Size  Location     Type
		None
 Return value:  Size  Location     Type
                  1    wreg      void 
 Registers used:
		wreg, status,2
 Tracked objects:
		On entry : 
		On exit  : 
		Unchanged: 
 Data sizes:     COMRAM   BANK0   BANK1   BANK2   BANK3   BANK4   BANK5   BANK6   BANK7
      Params:         0       0       0       0       0       0       0       0       0
      Locals:         0       0       0       0       0       0       0       0       0
      Temps:          0       0       0       0       0       0       0       0       0
      Totals:         0       0       0       0       0       0       0       0       0
Total ram usage:        0 bytes
 Hardware stack levels used:    1
 This function calls:
		Nothing
 This function is called by:
		_setup
 This function uses a non-reentrant model


 *************** function _lcd_init *****************
 Defined at:
		line 57 in file "lcd.c"
 Parameters:    Size  Location     Type
		None
 Auto vars:     Size  Location     Type
		None
 Return value:  Size  Location     Type
                  1    wreg      void 
 Registers used:
		wreg, status,2, status,0, cstack
 Tracked objects:
		On entry : 
		On exit  : 
		Unchanged: 
 Data sizes:     COMRAM   BANK0   BANK1   BANK2   BANK3   BANK4   BANK5   BANK6   BANK7
      Params:         0       0       0       0       0       0       0       0       0
      Locals:         0       0       0       0       0       0       0       0       0
      Temps:          0       0       0       0       0       0       0       0       0
      Totals:         0       0       0       0       0       0       0       0       0
Total ram usage:        0 bytes
 Hardware stack levels used:    1
 Hardware stack levels required when called:    2
 This function calls:
		_atraso_ms
		_lcd_cmd
 This function is called by:
		_setup
 This function uses a non-reentrant model


 *************** function _adc_init *****************
 Defined at:
		line 31 in file "adc.c"
 Parameters:    Size  Location     Type
		None
 Auto vars:     Size  Location     Type
		None
 Return value:  Size  Location     Type
                  1    wreg      void 
 Registers used:
		wreg, status,2
 Tracked objects:
		On entry : 
		On exit  : 
		Unchanged: 
 Data sizes:     COMRAM   BANK0   BANK1   BANK2   BANK3   BANK4   BANK5   BANK6   BANK7
      Params:         0       0       0       0       0       0       0       0       0
      Locals:         0       0       0       0       0       0       0       0       0
      Temps:          0       0       0       0       0       0       0       0       0
      Totals:         0       0       0       0       0       0       0       0       0
Total ram usage:        0 bytes
 Hardware stack levels used:    1
 This function calls:
		Nothing
 This function is called by:
		_setup
 This function uses a non-reentrant model


 *************** function _PWM1_Start *****************
 Defined at:
		line 79 in file "pwm.c"
 Parameters:    Size  Location     Type
		None
 Auto vars:     Size  Location     Type
		None
 Return value:  Size  Location     Type
                  1    wreg      void 
 Registers used:
		wreg, status,2
 Tracked objects:
		On entry : 
		On exit  : 
		Unchanged: 
 Data sizes:     COMRAM   BANK0   BANK1   BANK2   BANK3   BANK4   BANK5   BANK6   BANK7
      Params:         0       0       0       0       0       0       0       0       0
      Locals:         0       0       0       0       0       0       0       0       0
      Temps:          0       0       0       0       0       0       0       0       0
      Totals:         0       0       0       0       0       0       0       0       0
Total ram usage:        0 bytes
 Hardware stack levels used:    1
 This function calls:
		Nothing
 This function is called by:
		_setup
 This function uses a non-reentrant model


 *************** function _PWM1_Init *****************
 Defined at:
		line 31 in file "pwm.c"
 Parameters:    Size  Location     Type
  f               2   14[COMRAM] unsigned int 
 Auto vars:     Size  Location     Type
  temp            2   20[COMRAM] unsigned int 
 Return value:  Size  Location     Type
                  1    wreg      void 
 Registers used:
		wreg, status,2, status,0, cstack
 Tracked objects:
		On entry : 
		On exit  : 
		Unchanged: 
 Data sizes:     COMRAM   BANK0   BANK1   BANK2   BANK3   BANK4   BANK5   BANK6   BANK7
      Params:         2       0       0       0       0       0       0       0       0
      Locals:         2       0       0       0       0       0       0       0       0
      Temps:          4       0       0       0       0       0       0       0       0
      Totals:         8       0       0       0       0       0       0       0       0
Total ram usage:        8 bytes
 Hardware stack levels used:    1
 Hardware stack levels required when called:    1
 This function calls:
		___aldiv
 This function is called by:
		_setup
 This function uses a non-reentrant model


 *************** function ___aldiv *****************
 Defined at:
		line 8 in file "C:\Program Files (x86)\Microchip\xc8\v1.41\sources\common\aldiv.c"
 Parameters:    Size  Location     Type
  dividend        4    0[COMRAM] long 
  divisor         4    4[COMRAM] long 
 Auto vars:     Size  Location     Type
  quotient        4   10[COMRAM] long 
  sign            1    9[COMRAM] unsigned char 
  counter         1    8[COMRAM] unsigned char 
 Return value:  Size  Location     Type
                  4    0[COMRAM] long 
 Registers used:
		wreg, status,2, status,0
 Tracked objects:
		On entry : 
		On exit  : 
		Unchanged: 
 Data sizes:     COMRAM   BANK0   BANK1   BANK2   BANK3   BANK4   BANK5   BANK6   BANK7
      Params:         8       0       0       0       0       0       0       0       0
      Locals:         6       0       0       0       0       0       0       0       0
      Temps:          0       0       0       0       0       0       0       0       0
      Totals:        14       0       0       0       0       0       0       0       0
Total ram usage:       14 bytes
 Hardware stack levels used:    1
 This function calls:
		Nothing
 This function is called by:
		_PWM1_Init
 This function uses a non-reentrant model


 *************** function _loop *****************
 Defined at:
		line 37 in file "main.c"
 Parameters:    Size  Location     Type
		None
 Auto vars:     Size  Location     Type
		None
 Return value:  Size  Location     Type
                  1    wreg      void 
 Registers used:
		wreg, status,2, status,0, cstack
 Tracked objects:
		On entry : 
		On exit  : 
		Unchanged: 
 Data sizes:     COMRAM   BANK0   BANK1   BANK2   BANK3   BANK4   BANK5   BANK6   BANK7
      Params:         0       0       0       0       0       0       0       0       0
      Locals:         0       0       0       0       0       0       0       0       0
      Temps:          2       0       0       0       0       0       0       0       0
      Totals:         2       0       0       0       0       0       0       0       0
Total ram usage:        2 bytes
 Hardware stack levels used:    1
 Hardware stack levels required when called:    2
 This function calls:
		_PWM1_Set_Duty
		_adc_sample
		_lcd_cmd
		_lcd_dat
		_serial_rx
		_serial_tx
 This function is called by:
		_main
 This function uses a non-reentrant model


 *************** function _serial_tx *****************
 Defined at:
		line 60 in file "serial.c"
 Parameters:    Size  Location     Type
  val             1    wreg     unsigned char 
 Auto vars:     Size  Location     Type
  val             1    0[COMRAM] unsigned char 
 Return value:  Size  Location     Type
                  1    wreg      void 
 Registers used:
		wreg
 Tracked objects:
		On entry : 
		On exit  : 
		Unchanged: 
 Data sizes:     COMRAM   BANK0   BANK1   BANK2   BANK3   BANK4   BANK5   BANK6   BANK7
      Params:         0       0       0       0       0       0       0       0       0
      Locals:         1       0       0       0       0       0       0       0       0
      Temps:          0       0       0       0       0       0       0       0       0
      Totals:         1       0       0       0       0       0       0       0       0
Total ram usage:        1 bytes
 Hardware stack levels used:    1
 This function calls:
		Nothing
 This function is called by:
		_loop
		_serial_tx_str
 This function uses a non-reentrant model


 *************** function _serial_rx *****************
 Defined at:
		line 77 in file "serial.c"
 Parameters:    Size  Location     Type
  timeout         2    6[COMRAM] unsigned int 
 Auto vars:     Size  Location     Type
  to              2    8[COMRAM] unsigned int 
 Return value:  Size  Location     Type
                  1    wreg      unsigned char 
 Registers used:
		wreg, status,2, status,0, cstack
 Tracked objects:
		On entry : 
		On exit  : 
		Unchanged: 
 Data sizes:     COMRAM   BANK0   BANK1   BANK2   BANK3   BANK4   BANK5   BANK6   BANK7
      Params:         2       0       0       0       0       0       0       0       0
      Locals:         2       0       0       0       0       0       0       0       0
      Temps:          0       0       0       0       0       0       0       0       0
      Totals:         4       0       0       0       0       0       0       0       0
Total ram usage:        4 bytes
 Hardware stack levels used:    1
 Hardware stack levels required when called:    1
 This function calls:
		_atraso_ms
 This function is called by:
		_loop
 This function uses a non-reentrant model


 *************** function _lcd_dat *****************
 Defined at:
		line 46 in file "lcd.c"
 Parameters:    Size  Location     Type
  val             1    wreg     unsigned char 
 Auto vars:     Size  Location     Type
  val             1    6[COMRAM] unsigned char 
 Return value:  Size  Location     Type
                  1    wreg      void 
 Registers used:
		wreg, status,2, status,0, cstack
 Tracked objects:
		On entry : 
		On exit  : 
		Unchanged: 
 Data sizes:     COMRAM   BANK0   BANK1   BANK2   BANK3   BANK4   BANK5   BANK6   BANK7
      Params:         0       0       0       0       0       0       0       0       0
      Locals:         1       0       0       0       0       0       0       0       0
      Temps:          0       0       0       0       0       0       0       0       0
      Totals:         1       0       0       0       0       0       0       0       0
Total ram usage:        1 bytes
 Hardware stack levels used:    1
 Hardware stack levels required when called:    1
 This function calls:
		_atraso_ms
		_lcd_wr
 This function is called by:
		_loop
		_lcd_str
		_lcd_custom
 This function uses a non-reentrant model


 *************** function _lcd_cmd *****************
 Defined at:
		line 35 in file "lcd.c"
 Parameters:    Size  Location     Type
  val             1    wreg     unsigned char 
 Auto vars:     Size  Location     Type
  val             1    6[COMRAM] unsigned char 
 Return value:  Size  Location     Type
                  1    wreg      void 
 Registers used:
		wreg, status,2, status,0, cstack
 Tracked objects:
		On entry : 
		On exit  : 
		Unchanged: 
 Data sizes:     COMRAM   BANK0   BANK1   BANK2   BANK3   BANK4   BANK5   BANK6   BANK7
      Params:         0       0       0       0       0       0       0       0       0
      Locals:         1       0       0       0       0       0       0       0       0
      Temps:          0       0       0       0       0       0       0       0       0
      Totals:         1       0       0       0       0       0       0       0       0
Total ram usage:        1 bytes
 Hardware stack levels used:    1
 Hardware stack levels required when called:    1
 This function calls:
		_atraso_ms
		_lcd_wr
 This function is called by:
		_setup
		_loop
		_lcd_init
		_lcd_custom
 This function uses a non-reentrant model


 *************** function _lcd_wr *****************
 Defined at:
		line 30 in file "lcd.c"
 Parameters:    Size  Location     Type
  val             1    wreg     unsigned char 
 Auto vars:     Size  Location     Type
  val             1    0[COMRAM] unsigned char 
 Return value:  Size  Location     Type
                  1    wreg      void 
 Registers used:
		wreg
 Tracked objects:
		On entry : 
		On exit  : 
		Unchanged: 
 Data sizes:     COMRAM   BANK0   BANK1   BANK2   BANK3   BANK4   BANK5   BANK6   BANK7
      Params:         0       0       0       0       0       0       0       0       0
      Locals:         1       0       0       0       0       0       0       0       0
      Temps:          0       0       0       0       0       0       0       0       0
      Totals:         1       0       0       0       0       0       0       0       0
Total ram usage:        1 bytes
 Hardware stack levels used:    1
 This function calls:
		Nothing
 This function is called by:
		_lcd_cmd
		_lcd_dat
 This function uses a non-reentrant model


 *************** function _adc_sample *****************
 Defined at:
		line 45 in file "adc.c"
 Parameters:    Size  Location     Type
  canal           1    wreg     unsigned char 
 Auto vars:     Size  Location     Type
  canal           1   12[COMRAM] unsigned char 
 Return value:  Size  Location     Type
                  2    6[COMRAM] unsigned int 
 Registers used:
		wreg, status,2, status,0, cstack
 Tracked objects:
		On entry : 
		On exit  : 
		Unchanged: 
 Data sizes:     COMRAM   BANK0   BANK1   BANK2   BANK3   BANK4   BANK5   BANK6   BANK7
      Params:         2       0       0       0       0       0       0       0       0
      Locals:         1       0       0       0       0       0       0       0       0
      Temps:          4       0       0       0       0       0       0       0       0
      Totals:         7       0       0       0       0       0       0       0       0
Total ram usage:        7 bytes
 Hardware stack levels used:    1
 Hardware stack levels required when called:    1
 This function calls:
		_atraso_ms
 This function is called by:
		_loop
 This function uses a non-reentrant model


 *************** function _atraso_ms *****************
 Defined at:
		line 31 in file "atraso.c"
 Parameters:    Size  Location     Type
  valor           2    0[COMRAM] unsigned int 
 Auto vars:     Size  Location     Type
  i               2    2[COMRAM] unsigned int 
  j2              1    5[COMRAM] volatile unsigned char 
  j1              1    4[COMRAM] volatile unsigned char 
 Return value:  Size  Location     Type
                  1    wreg      void 
 Registers used:
		wreg, status,2, status,0
 Tracked objects:
		On entry : 
		On exit  : 
		Unchanged: 
 Data sizes:     COMRAM   BANK0   BANK1   BANK2   BANK3   BANK4   BANK5   BANK6   BANK7
      Params:         2       0       0       0       0       0       0       0       0
      Locals:         4       0       0       0       0       0       0       0       0
      Temps:          0       0       0       0       0       0       0       0       0
      Totals:         6       0       0       0       0       0       0       0       0
Total ram usage:        6 bytes
 Hardware stack levels used:    1
 This function calls:
		Nothing
 This function is called by:
		_serial_rx
		_adc_sample
		_lcd_cmd
		_lcd_dat
		_lcd_init
		_serial_rx_str
 This function uses a non-reentrant model


 *************** function _PWM1_Set_Duty *****************
 Defined at:
		line 105 in file "pwm.c"
 Parameters:    Size  Location     Type
  d               1    wreg     unsigned char 
 Auto vars:     Size  Location     Type
  d               1   27[COMRAM] unsigned char 
  temp            2   28[COMRAM] unsigned int 
 Return value:  Size  Location     Type
                  1    wreg      void 
 Registers used:
		wreg, status,2, status,0, cstack
 Tracked objects:
		On entry : 
		On exit  : 
		Unchanged: 
 Data sizes:     COMRAM   BANK0   BANK1   BANK2   BANK3   BANK4   BANK5   BANK6   BANK7
      Params:         0       0       0       0       0       0       0       0       0
      Locals:         3       0       0       0       0       0       0       0       0
      Temps:          2       0       0       0       0       0       0       0       0
      Totals:         5       0       0       0       0       0       0       0       0
Total ram usage:        5 bytes
 Hardware stack levels used:    1
 Hardware stack levels required when called:    1
 This function calls:
		___lldiv
		___lmul
 This function is called by:
		_setup
		_loop
 This function uses a non-reentrant model


 *************** function ___lmul *****************
 Defined at:
		line 15 in file "C:\Program Files (x86)\Microchip\xc8\v1.41\sources\common\Umul32.c"
 Parameters:    Size  Location     Type
  multiplier      4    0[COMRAM] unsigned long 
  multiplicand    4    4[COMRAM] unsigned long 
 Auto vars:     Size  Location     Type
  product         4    8[COMRAM] unsigned long 
 Return value:  Size  Location     Type
                  4    0[COMRAM] unsigned long 
 Registers used:
		wreg, status,2, status,0
 Tracked objects:
		On entry : 
		On exit  : 
		Unchanged: 
 Data sizes:     COMRAM   BANK0   BANK1   BANK2   BANK3   BANK4   BANK5   BANK6   BANK7
      Params:         8       0       0       0       0       0       0       0       0
      Locals:         4       0       0       0       0       0       0       0       0
      Temps:          0       0       0       0       0       0       0       0       0
      Totals:        12       0       0       0       0       0       0       0       0
Total ram usage:       12 bytes
 Hardware stack levels used:    1
 This function calls:
		Nothing
 This function is called by:
		_PWM1_Set_Duty
 This function uses a non-reentrant model


 *************** function ___lldiv *****************
 Defined at:
		line 8 in file "C:\Program Files (x86)\Microchip\xc8\v1.41\sources\common\lldiv.c"
 Parameters:    Size  Location     Type
  dividend        4   12[COMRAM] unsigned long 
  divisor         4   16[COMRAM] unsigned long 
 Auto vars:     Size  Location     Type
  quotient        4   20[COMRAM] unsigned long 
  counter         1   24[COMRAM] unsigned char 
 Return value:  Size  Location     Type
                  4   12[COMRAM] unsigned long 
 Registers used:
		wreg, status,2, status,0
 Tracked objects:
		On entry : 
		On exit  : 
		Unchanged: 
 Data sizes:     COMRAM   BANK0   BANK1   BANK2   BANK3   BANK4   BANK5   BANK6   BANK7
      Params:         8       0       0       0       0       0       0       0       0
      Locals:         5       0       0       0       0       0       0       0       0
      Temps:          0       0       0       0       0       0       0       0       0
      Totals:        13       0       0       0       0       0       0       0       0
Total ram usage:       13 bytes
 Hardware stack levels used:    1
 This function calls:
		Nothing
 This function is called by:
		_PWM1_Set_Duty
 This function uses a non-reentrant model



MODULE INFORMATION

Module		Function		Class		Link	Load	Size
serial.c
		_serial_rx     		CODE           	788A	0000	79
		_serial_tx     		CODE           	7740	0000	13
		_serial_init   		CODE           	775A	0000	21

serial.c estimated size: 113

C:\Program Files (x86)\Microchip\xc8\v1.41\sources\common\lldiv.c
		___lldiv       		CODE           	79F0	0000	131

C:\Program Files (x86)\Microchip\xc8\v1.41\sources\common\lldiv.c estimated size: 131

C:\Program Files (x86)\Microchip\xc8\v1.41\sources\common\aldiv.c
		___aldiv       		CODE           	7B04	0000	205

C:\Program Files (x86)\Microchip\xc8\v1.41\sources\common\aldiv.c estimated size: 205

pwm.c
		_PWM1_Start    		CODE           	776E	0000	23
		_PWM1_Init     		CODE           	7BD0	0000	215
		_PWM1_Set_Duty 		CODE           	7A72	0000	147

pwm.c estimated size: 385

atraso.c
		_atraso_ms     		CODE           	7810	0000	61

atraso.c estimated size: 61

adc.c
		_adc_init      		CODE           	774C	0000	15
		_adc_sample    		CODE           	798A	0000	103

adc.c estimated size: 118

C:\Program Files (x86)\Microchip\xc8\v1.41\sources\common\Umul32.c
		___lmul        		CODE           	78D8	0000	87

C:\Program Files (x86)\Microchip\xc8\v1.41\sources\common\Umul32.c estimated size: 87

config.c
		_main          		CODE           	779A	0000	35

config.c estimated size: 35

shared
		__initialization		CODE           	7784	0000	13

shared estimated size: 13

lcd.c
		_lcd_cmd       		CODE           	77BC	0000	43
		_lcd_dat       		CODE           	77E6	0000	43
		_lcd_wr        		CODE           	7738	0000	9
		_lcd_init      		CODE           	792E	0000	93

lcd.c estimated size: 188

main.c
		_loop          		CODE           	7CA6	0000	859
		_setup         		CODE           	784C	0000	63

main.c estimated size: 922

